测试行: 章节定位：林石/逃亡开端
  role_pattern 匹配失败
  purpose_pattern 匹配失败
  suspense_pattern 匹配失败
  foreshadow_pattern 匹配失败
  turn_pattern 匹配失败
  summary_pattern 匹配失败

测试行: 核心作用：开启主线旅程
  role_pattern 匹配失败
  purpose_pattern 匹配成功: 开启主线旅程
  suspense_pattern 匹配失败
  foreshadow_pattern 匹配失败
  turn_pattern 匹配失败
  summary_pattern 匹配失败

测试行: 悬念密度：紧凑
  role_pattern 匹配失败
  purpose_pattern 匹配失败
  suspense_pattern 匹配成功: 
  foreshadow_pattern 匹配失败
  turn_pattern 匹配失败
  summary_pattern 匹配失败

测试行: 伏笔设计：强化(地脉裂缝)→埋设(肃清者追踪)→回收(老丈地图)
  role_pattern 匹配失败
  purpose_pattern 匹配失败
  suspense_pattern 匹配失败
  foreshadow_pattern 匹配成功: 
  turn_pattern 匹配失败
  summary_pattern 匹配失败

测试行: 转折程度：★★☆☆☆
  role_pattern 匹配失败
  purpose_pattern 匹配失败
  suspense_pattern 匹配失败
  foreshadow_pattern 匹配失败
  turn_pattern 匹配成功: ★★☆☆☆
  summary_pattern 匹配失败

测试行: 章节简述：林石携柴刀干粮夜逃，按地图前往野狼沟，途中掌心侵蚀加剧出现幻听。
  role_pattern 匹配失败
  purpose_pattern 匹配失败
  suspense_pattern 匹配失败
  foreshadow_pattern 匹配失败
  turn_pattern 匹配失败
  summary_pattern 匹配失败

测试完成
